---
source: src/tests/e2e_dry_run/should_fail/simplify_ast.rs
expression: output
---
"Error: [E0400] Illegal LHS for dot expression. Currently, dot LHSs can only be identifiers or other dot expressions. At <CARGO_MANIFEST_DIR>/src/tests/sample_code/should_fail/single_file/ast_simplification/dot/illegal_dot_lhs.k:6:8 the following LHS has been found:\n    match Bool.True {\n        .True => Bool,\n        .False => Bool,\n    }"
