---
source: src/tests/skin_e2e_dry_run/should_fail/type_check.rs
expression: output
---
"Error: [E2015] A match case was marked as `impossible` at <CARGO_MANIFEST_DIR>/src/tests/sample_code/should_fail/single_file/type_check/match_case_incorrectly_marked_impossible.k:8:8, but it was not obviously impossible."
